
<!DOCTYPE html>


<html lang="en" data-content_root="../../" >

  <head>
    <meta charset="utf-8" />
    <meta name="viewport" content="width=device-width, initial-scale=1.0" /><meta name="viewport" content="width=device-width, initial-scale=1" />

    <title>golden &#8212; SciPy v1.15.0.dev Manual</title>
  
  
  
  <script data-cfasync="false">
    document.documentElement.dataset.mode = localStorage.getItem("mode") || "";
    document.documentElement.dataset.theme = localStorage.getItem("theme") || "";
  </script>
  <!-- 
    this give us a css class that will be invisible only if js is disabled 
  -->
  <noscript>
    <style>
      .pst-js-only { display: none !important; }

    </style>
  </noscript>
  
  <!-- Loaded before other Sphinx assets -->
  <link href="../../_static/styles/theme.css?digest=26a4bc78f4c0ddb94549" rel="stylesheet" />
<link href="../../_static/styles/pydata-sphinx-theme.css?digest=26a4bc78f4c0ddb94549" rel="stylesheet" />

    <link rel="stylesheet" type="text/css" href="../../_static/pygments.css?v=a746c00c" />
    <link rel="stylesheet" type="text/css" href="../../_static/copybutton.css?v=76b2166b" />
    <link rel="stylesheet" type="text/css" href="../../_static/plot_directive.css" />
    <link rel="stylesheet" type="text/css" href="../../_static/mystnb.4510f1fc1dee50b3e5859aac5469c37c29e427902b24a333a5f9fcb2f0b3ac41.css" />
    <link rel="stylesheet" type="text/css" href="https://fonts.googleapis.com/css?family=Vibur" />
    <link rel="stylesheet" type="text/css" href="../../_static/jupyterlite_sphinx.css?v=ca70e7f1" />
    <link rel="stylesheet" type="text/css" href="../../_static/sphinx-design.min.css?v=95c83b7e" />
    <link rel="stylesheet" type="text/css" href="../../_static/scipy.css?v=6dd54bfa" />
    <link rel="stylesheet" type="text/css" href="../../_static/try_examples.css" />
  
  <!-- So that users can add custom icons -->
  <script src="../../_static/scripts/fontawesome.js?digest=26a4bc78f4c0ddb94549"></script>
  <!-- Pre-loaded scripts that we'll load fully later -->
  <link rel="preload" as="script" href="../../_static/scripts/bootstrap.js?digest=26a4bc78f4c0ddb94549" />
<link rel="preload" as="script" href="../../_static/scripts/pydata-sphinx-theme.js?digest=26a4bc78f4c0ddb94549" />

    <script src="../../_static/documentation_options.js?v=3d29109c"></script>
    <script src="../../_static/doctools.js?v=9a2dae69"></script>
    <script src="../../_static/sphinx_highlight.js?v=dc90522c"></script>
    <script src="../../_static/clipboard.min.js?v=a7894cd8"></script>
    <script src="../../_static/copybutton.js?v=fe3c738c"></script>
    <script src="../../_static/jupyterlite_sphinx.js?v=d6bdf5f8"></script>
    <script src="../../_static/design-tabs.js?v=f930bc37"></script>
    <script data-domain="docs.scipy.org" defer="defer" src="https://views.scientific-python.org/js/script.js"></script>
    <script>DOCUMENTATION_OPTIONS.pagename = 'reference/generated/scipy.optimize.golden';</script>
    <script>
        DOCUMENTATION_OPTIONS.theme_version = '0.16.0';
        DOCUMENTATION_OPTIONS.theme_switcher_json_url = 'https://scipy.github.io/devdocs/_static/version_switcher.json';
        DOCUMENTATION_OPTIONS.theme_switcher_version_match = 'development';
        DOCUMENTATION_OPTIONS.show_version_warning_banner = false;
        </script>
    <link rel="icon" href="../../_static/favicon.ico"/>
    <link rel="index" title="Index" href="../../genindex.html" />
    <link rel="search" title="Search" href="../../search.html" />
    <link rel="next" title="leastsq" href="scipy.optimize.leastsq.html" />
    <link rel="prev" title="brent" href="scipy.optimize.brent.html" />
  <meta name="viewport" content="width=device-width, initial-scale=1"/>
  <meta name="docsearch:language" content="en"/>
  <meta name="docsearch:version" content="1.15.0.dev" />
    <meta name="docbuild:last-update" content="Oct 24, 2024"/>
  </head>
  
  
  <body data-bs-spy="scroll" data-bs-target=".bd-toc-nav" data-offset="180" data-bs-root-margin="0px 0px -60%" data-default-mode="">

  
  
  <div id="pst-skip-link" class="skip-link d-print-none"><a href="#main-content">Skip to main content</a></div>
  
  <div id="pst-scroll-pixel-helper"></div>
  
  <button type="button" class="btn rounded-pill" id="pst-back-to-top">
    <i class="fa-solid fa-arrow-up"></i>Back to top</button>

  
  <dialog id="pst-search-dialog">
    
<form class="bd-search d-flex align-items-center"
      action="../../search.html"
      method="get">
  <i class="fa-solid fa-magnifying-glass"></i>
  <input type="search"
         class="form-control"
         name="q"
         placeholder="Search the docs ..."
         aria-label="Search the docs ..."
         autocomplete="off"
         autocorrect="off"
         autocapitalize="off"
         spellcheck="false"/>
  <span class="search-button__kbd-shortcut"><kbd class="kbd-shortcut__modifier">Ctrl</kbd>+<kbd>K</kbd></span>
</form>
  </dialog>

  <div class="pst-async-banner-revealer d-none">
  <aside id="bd-header-version-warning" class="d-none d-print-none" aria-label="Version warning"></aside>
</div>

  
    <header class="bd-header navbar navbar-expand-lg bd-navbar d-print-none">
<div class="bd-header__inner bd-page-width">
  <button class="pst-navbar-icon sidebar-toggle primary-toggle" aria-label="Site navigation">
    <span class="fa-solid fa-bars"></span>
  </button>
  
  
  <div class="col-lg-3 navbar-header-items__start">
    
      <div class="navbar-item">

  
    
  

<a class="navbar-brand logo" href="../../index.html">
  
  
  
  
  
    
    
      
    
    
    <img src="../../_static/logo.svg" class="logo__image only-light" alt=""/>
    <img src="../../_static/logo.svg" class="logo__image only-dark pst-js-only" alt=""/>
  
  
    <p class="title logo__title">SciPy</p>
  
</a></div>
    
  </div>
  
  <div class="col-lg-9 navbar-header-items">
    
    <div class="me-auto navbar-header-items__center">
      
        <div class="navbar-item">
<nav>
  <ul class="bd-navbar-elements navbar-nav">
    
<li class="nav-item ">
  <a class="nav-link nav-external" href="https://scipy.org/install/">
    Installing
  </a>
</li>


<li class="nav-item ">
  <a class="nav-link nav-internal" href="../../tutorial/index.html">
    User Guide
  </a>
</li>


<li class="nav-item current active">
  <a class="nav-link nav-internal" href="../index.html">
    API reference
  </a>
</li>


<li class="nav-item ">
  <a class="nav-link nav-internal" href="../../building/index.html">
    Building from source
  </a>
</li>


<li class="nav-item ">
  <a class="nav-link nav-internal" href="../../dev/index.html">
    Development
  </a>
</li>


<li class="nav-item ">
  <a class="nav-link nav-internal" href="../../release.html">
    Release notes
  </a>
</li>

  </ul>
</nav></div>
      
    </div>
    
    
    <div class="navbar-header-items__end">
      
      
        <div class="navbar-item">
<div class="version-switcher__container dropdown pst-js-only">
  <button id="pst-version-switcher-button-2"
    type="button"
    class="version-switcher__button btn btn-sm dropdown-toggle"
    data-bs-toggle="dropdown"
    aria-haspopup="listbox"
    aria-controls="pst-version-switcher-list-2"
    aria-label="Version switcher list"
  >
    Choose version  <!-- this text may get changed later by javascript -->
    <span class="caret"></span>
  </button>
  <div id="pst-version-switcher-list-2"
    class="version-switcher__menu dropdown-menu list-group-flush py-0"
    role="listbox" aria-labelledby="pst-version-switcher-button-2">
    <!-- dropdown will be populated by javascript on page load -->
  </div>
</div></div>
      
        <div class="navbar-item">

<button class="btn btn-sm nav-link pst-navbar-icon theme-switch-button pst-js-only" aria-label="Color mode" data-bs-title="Color mode"  data-bs-placement="bottom" data-bs-toggle="tooltip">
  <i class="theme-switch fa-solid fa-sun                fa-lg" data-mode="light" title="Light"></i>
  <i class="theme-switch fa-solid fa-moon               fa-lg" data-mode="dark"  title="Dark"></i>
  <i class="theme-switch fa-solid fa-circle-half-stroke fa-lg" data-mode="auto"  title="System Settings"></i>
</button></div>
      
        <div class="navbar-item"><ul class="navbar-icon-links"
    aria-label="Icon Links">
        <li class="nav-item">
          
          
          
          
          
          
          
          
          <a href="https://github.com/scipy/scipy" title="GitHub" class="nav-link pst-navbar-icon" rel="noopener" target="_blank" data-bs-toggle="tooltip" data-bs-placement="bottom"><i class="fa-brands fa-square-github fa-lg" aria-hidden="true"></i>
            <span class="sr-only">GitHub</span></a>
        </li>
        <li class="nav-item">
          
          
          
          
          
          
          
          
          <a href="https://twitter.com/SciPy_team" title="Twitter" class="nav-link pst-navbar-icon" rel="noopener" target="_blank" data-bs-toggle="tooltip" data-bs-placement="bottom"><i class="fa-brands fa-square-twitter fa-lg" aria-hidden="true"></i>
            <span class="sr-only">Twitter</span></a>
        </li>
</ul></div>
      
    </div>
    
  </div>
  
  

  
    <button class="pst-navbar-icon sidebar-toggle secondary-toggle" aria-label="On this page">
      <span class="fa-solid fa-outdent"></span>
    </button>
  
</div>

    </header>
  

  <div class="bd-container">
    <div class="bd-container__inner bd-page-width">
      
      
      
      <dialog id="pst-primary-sidebar-modal"></dialog>
      <div id="pst-primary-sidebar" class="bd-sidebar-primary bd-sidebar">
        

  
  <div class="sidebar-header-items sidebar-primary__section">
    
    
      <div class="sidebar-header-items__center">
        
          
          
            <div class="navbar-item">
<nav>
  <ul class="bd-navbar-elements navbar-nav">
    
<li class="nav-item ">
  <a class="nav-link nav-external" href="https://scipy.org/install/">
    Installing
  </a>
</li>


<li class="nav-item ">
  <a class="nav-link nav-internal" href="../../tutorial/index.html">
    User Guide
  </a>
</li>


<li class="nav-item current active">
  <a class="nav-link nav-internal" href="../index.html">
    API reference
  </a>
</li>


<li class="nav-item ">
  <a class="nav-link nav-internal" href="../../building/index.html">
    Building from source
  </a>
</li>


<li class="nav-item ">
  <a class="nav-link nav-internal" href="../../dev/index.html">
    Development
  </a>
</li>


<li class="nav-item ">
  <a class="nav-link nav-internal" href="../../release.html">
    Release notes
  </a>
</li>

  </ul>
</nav></div>
          
        
      </div>
    
    
    
      <div class="sidebar-header-items__end">
        
          <div class="navbar-item">
<div class="version-switcher__container dropdown pst-js-only">
  <button id="pst-version-switcher-button-3"
    type="button"
    class="version-switcher__button btn btn-sm dropdown-toggle"
    data-bs-toggle="dropdown"
    aria-haspopup="listbox"
    aria-controls="pst-version-switcher-list-3"
    aria-label="Version switcher list"
  >
    Choose version  <!-- this text may get changed later by javascript -->
    <span class="caret"></span>
  </button>
  <div id="pst-version-switcher-list-3"
    class="version-switcher__menu dropdown-menu list-group-flush py-0"
    role="listbox" aria-labelledby="pst-version-switcher-button-3">
    <!-- dropdown will be populated by javascript on page load -->
  </div>
</div></div>
        
          <div class="navbar-item">

<button class="btn btn-sm nav-link pst-navbar-icon theme-switch-button pst-js-only" aria-label="Color mode" data-bs-title="Color mode"  data-bs-placement="bottom" data-bs-toggle="tooltip">
  <i class="theme-switch fa-solid fa-sun                fa-lg" data-mode="light" title="Light"></i>
  <i class="theme-switch fa-solid fa-moon               fa-lg" data-mode="dark"  title="Dark"></i>
  <i class="theme-switch fa-solid fa-circle-half-stroke fa-lg" data-mode="auto"  title="System Settings"></i>
</button></div>
        
          <div class="navbar-item"><ul class="navbar-icon-links"
    aria-label="Icon Links">
        <li class="nav-item">
          
          
          
          
          
          
          
          
          <a href="https://github.com/scipy/scipy" title="GitHub" class="nav-link pst-navbar-icon" rel="noopener" target="_blank" data-bs-toggle="tooltip" data-bs-placement="bottom"><i class="fa-brands fa-square-github fa-lg" aria-hidden="true"></i>
            <span class="sr-only">GitHub</span></a>
        </li>
        <li class="nav-item">
          
          
          
          
          
          
          
          
          <a href="https://twitter.com/SciPy_team" title="Twitter" class="nav-link pst-navbar-icon" rel="noopener" target="_blank" data-bs-toggle="tooltip" data-bs-placement="bottom"><i class="fa-brands fa-square-twitter fa-lg" aria-hidden="true"></i>
            <span class="sr-only">Twitter</span></a>
        </li>
</ul></div>
        
      </div>
    
  </div>
  
    <div class="sidebar-primary-items__start sidebar-primary__section">
        <div class="sidebar-primary-item">

<button class="btn search-button-field search-button__button pst-js-only" title="Search" aria-label="Search" data-bs-placement="bottom" data-bs-toggle="tooltip">
 <i class="fa-solid fa-magnifying-glass"></i>
 <span class="search-button__default-text">Search</span>
 <span class="search-button__kbd-shortcut"><kbd class="kbd-shortcut__modifier">Ctrl</kbd>+<kbd class="kbd-shortcut__modifier">K</kbd></span>
</button></div>
        <div class="sidebar-primary-item">
<nav class="bd-docs-nav bd-links" aria-label="Section Navigation">
  <p class="bd-links__title" role="heading" aria-level="1">Section Navigation</p>
  <div class="bd-toc-item navbar-nav">
    <ul class="current nav bd-sidenav">
<li class="toctree-l1"><a class="reference internal" href="../main_namespace.html">scipy</a></li>
<li class="toctree-l1"><a class="reference internal" href="../cluster.html">scipy.cluster</a></li>
<li class="toctree-l1"><a class="reference internal" href="../constants.html">scipy.constants</a></li>
<li class="toctree-l1"><a class="reference internal" href="../datasets.html">scipy.datasets</a></li>
<li class="toctree-l1"><a class="reference internal" href="../differentiate.html">scipy.differentiate</a></li>
<li class="toctree-l1"><a class="reference internal" href="../fft.html">scipy.fft</a></li>
<li class="toctree-l1"><a class="reference internal" href="../fftpack.html">scipy.fftpack</a></li>
<li class="toctree-l1"><a class="reference internal" href="../integrate.html">scipy.integrate</a></li>
<li class="toctree-l1"><a class="reference internal" href="../interpolate.html">scipy.interpolate</a></li>
<li class="toctree-l1"><a class="reference internal" href="../io.html">scipy.io</a></li>
<li class="toctree-l1"><a class="reference internal" href="../linalg.html">scipy.linalg</a></li>
<li class="toctree-l1"><a class="reference internal" href="../misc.html">scipy.misc</a></li>
<li class="toctree-l1"><a class="reference internal" href="../ndimage.html">scipy.ndimage</a></li>
<li class="toctree-l1"><a class="reference internal" href="../odr.html">scipy.odr</a></li>
<li class="toctree-l1 current active"><a class="reference internal" href="../optimize.html">scipy.optimize</a></li>
<li class="toctree-l1"><a class="reference internal" href="../signal.html">scipy.signal</a></li>
<li class="toctree-l1"><a class="reference internal" href="../sparse.html">scipy.sparse</a></li>
<li class="toctree-l1"><a class="reference internal" href="../spatial.html">scipy.spatial</a></li>
<li class="toctree-l1"><a class="reference internal" href="../special.html">scipy.special</a></li>
<li class="toctree-l1"><a class="reference internal" href="../stats.html">scipy.stats</a></li>
</ul>

  </div>
</nav></div>
    </div>
  
  
  <div class="sidebar-primary-items__end sidebar-primary__section">
  </div>
  
  <div id="rtd-footer-container"></div>


      </div>
      
      <main id="main-content" class="bd-main" role="main">
        
        
          <div class="bd-content">
            <div class="bd-article-container">
              
              <div class="bd-header-article d-print-none">
<div class="header-article-items header-article__inner">
  
    <div class="header-article-items__start">
      
        <div class="header-article-item">

<nav aria-label="Breadcrumb" class="d-print-none">
  <ul class="bd-breadcrumbs">
    
    <li class="breadcrumb-item breadcrumb-home">
      <a href="../../index.html" class="nav-link" aria-label="Home">
        <i class="fa-solid fa-home"></i>
      </a>
    </li>
    
    <li class="breadcrumb-item"><a href="../index.html" class="nav-link">SciPy API</a></li>
    
    
    <li class="breadcrumb-item"><a href="../optimize.html" class="nav-link">Optimization and root finding (<code class="xref py py-mod docutils literal notranslate"><span class="pre">scipy.optimize</span></code>)</a></li>
    
    <li class="breadcrumb-item active" aria-current="page"><span class="ellipsis">golden</span></li>
  </ul>
</nav>
</div>
      
    </div>
  
  
</div>
</div>
              
              
              
                
<div id="searchbox"></div>
                <article class="bd-article">
                  
  <div class="prename">scipy.optimize.</div>
<div class="empty"></div><section id="golden">
<h1>golden<a class="headerlink" href="#golden" title="Link to this heading">#</a></h1>
<dl class="py function">
<dt class="sig sig-object py" id="scipy.optimize.golden">
<span class="sig-prename descclassname"><span class="pre">scipy.optimize.</span></span><span class="sig-name descname"><span class="pre">golden</span></span><span class="sig-paren">(</span><em class="sig-param"><span class="n"><span class="pre">func</span></span></em>, <em class="sig-param"><span class="n"><span class="pre">args</span></span><span class="o"><span class="pre">=</span></span><span class="default_value"><span class="pre">()</span></span></em>, <em class="sig-param"><span class="n"><span class="pre">brack</span></span><span class="o"><span class="pre">=</span></span><span class="default_value"><span class="pre">None</span></span></em>, <em class="sig-param"><span class="n"><span class="pre">tol</span></span><span class="o"><span class="pre">=</span></span><span class="default_value"><span class="pre">np.float64(1.4901161193847656e-08)</span></span></em>, <em class="sig-param"><span class="n"><span class="pre">full_output</span></span><span class="o"><span class="pre">=</span></span><span class="default_value"><span class="pre">0</span></span></em>, <em class="sig-param"><span class="n"><span class="pre">maxiter</span></span><span class="o"><span class="pre">=</span></span><span class="default_value"><span class="pre">5000</span></span></em><span class="sig-paren">)</span><a class="reference external" href="https://github.com/scipy/scipy/blob/main/scipy/optimize/_optimize.py#L2705-L2779"><span class="viewcode-link"><span class="pre">[source]</span></span></a><a class="headerlink" href="#scipy.optimize.golden" title="Link to this definition">#</a></dt>
<dd><p>Return the minimizer of a function of one variable using the golden section
method.</p>
<p>Given a function of one variable and a possible bracketing interval,
return a minimizer of the function isolated to a fractional precision of
tol.</p>
<dl class="field-list simple">
<dt class="field-odd">Parameters<span class="colon">:</span></dt>
<dd class="field-odd"><dl class="simple">
<dt><strong>func</strong><span class="classifier">callable func(x,*args)</span></dt><dd><p>Objective function to minimize.</p>
</dd>
<dt><strong>args</strong><span class="classifier">tuple, optional</span></dt><dd><p>Additional arguments (if present), passed to func.</p>
</dd>
<dt><strong>brack</strong><span class="classifier">tuple, optional</span></dt><dd><p>Either a triple <code class="docutils literal notranslate"><span class="pre">(xa,</span> <span class="pre">xb,</span> <span class="pre">xc)</span></code> where <code class="docutils literal notranslate"><span class="pre">xa</span> <span class="pre">&lt;</span> <span class="pre">xb</span> <span class="pre">&lt;</span> <span class="pre">xc</span></code> and
<code class="docutils literal notranslate"><span class="pre">func(xb)</span> <span class="pre">&lt;</span> <span class="pre">func(xa)</span> <span class="pre">and</span>&#160; <span class="pre">func(xb)</span> <span class="pre">&lt;</span> <span class="pre">func(xc)</span></code>, or a pair (xa, xb)
to be used as initial points for a downhill bracket search (see
<a class="reference internal" href="scipy.optimize.bracket.html#scipy.optimize.bracket" title="scipy.optimize.bracket"><code class="xref py py-obj docutils literal notranslate"><span class="pre">scipy.optimize.bracket</span></code></a>).
The minimizer <code class="docutils literal notranslate"><span class="pre">x</span></code> will not necessarily satisfy <code class="docutils literal notranslate"><span class="pre">xa</span> <span class="pre">&lt;=</span> <span class="pre">x</span> <span class="pre">&lt;=</span> <span class="pre">xb</span></code>.</p>
</dd>
<dt><strong>tol</strong><span class="classifier">float, optional</span></dt><dd><p>x tolerance stop criterion</p>
</dd>
<dt><strong>full_output</strong><span class="classifier">bool, optional</span></dt><dd><p>If True, return optional outputs.</p>
</dd>
<dt><strong>maxiter</strong><span class="classifier">int</span></dt><dd><p>Maximum number of iterations to perform.</p>
</dd>
</dl>
</dd>
<dt class="field-even">Returns<span class="colon">:</span></dt>
<dd class="field-even"><dl class="simple">
<dt><strong>xmin</strong><span class="classifier">ndarray</span></dt><dd><p>Optimum point.</p>
</dd>
<dt><strong>fval</strong><span class="classifier">float</span></dt><dd><p>(Optional output) Optimum function value.</p>
</dd>
<dt><strong>funcalls</strong><span class="classifier">int</span></dt><dd><p>(Optional output) Number of objective function evaluations made.</p>
</dd>
</dl>
</dd>
</dl>
<div class="admonition seealso">
<p class="admonition-title">See also</p>
<dl class="simple">
<dt><a class="reference internal" href="scipy.optimize.minimize_scalar.html#scipy.optimize.minimize_scalar" title="scipy.optimize.minimize_scalar"><code class="xref py py-obj docutils literal notranslate"><span class="pre">minimize_scalar</span></code></a></dt><dd><p>Interface to minimization algorithms for scalar univariate functions. See the ‘Golden’ <em class="xref py py-obj">method</em> in particular.</p>
</dd>
</dl>
</div>
<p class="rubric">Notes</p>
<p>Uses analog of bisection method to decrease the bracketed
interval.</p>
<p class="rubric">Examples</p>
<div class="try_examples_outer_container docutils container" id="55df04b3-3ceb-420e-99da-36d26dc9458f">
<div class="try_examples_button_container"><button class="try_examples_button" onclick="window.tryExamplesShowIframe('55df04b3-3ceb-420e-99da-36d26dc9458f','ba15fb38-bb02-4bd3-b511-2538ae0470ff','4e52ed94-412a-4bd2-8fae-228a9a573fa6','../../lite/tree/../notebooks/index.html?path=2cd5223f_5ef3_4b90_a10d_af0a78f851e4.ipynb','None')">Try it in your browser!</button></div><div class="try_examples_content docutils container">
<p>We illustrate the behaviour of the function when <em class="xref py py-obj">brack</em> is of
size 2 and 3, respectively. In the case where <em class="xref py py-obj">brack</em> is of the
form (xa,xb), we can see for the given values, the output need
not necessarily lie in the range <code class="docutils literal notranslate"><span class="pre">(xa,</span> <span class="pre">xb)</span></code>.</p>
<div class="doctest highlight-default notranslate"><div class="highlight"><pre><span></span><span class="gp">&gt;&gt;&gt; </span><span class="k">def</span> <span class="nf">f</span><span class="p">(</span><span class="n">x</span><span class="p">):</span>
<span class="gp">... </span>    <span class="k">return</span> <span class="p">(</span><span class="n">x</span><span class="o">-</span><span class="mi">1</span><span class="p">)</span><span class="o">**</span><span class="mi">2</span>
</pre></div>
</div>
<div class="doctest highlight-default notranslate"><div class="highlight"><pre><span></span><span class="gp">&gt;&gt;&gt; </span><span class="kn">from</span> <span class="nn">scipy</span> <span class="kn">import</span> <span class="n">optimize</span>
</pre></div>
</div>
<div class="doctest highlight-default notranslate"><div class="highlight"><pre><span></span><span class="gp">&gt;&gt;&gt; </span><span class="n">minimizer</span> <span class="o">=</span> <span class="n">optimize</span><span class="o">.</span><span class="n">golden</span><span class="p">(</span><span class="n">f</span><span class="p">,</span> <span class="n">brack</span><span class="o">=</span><span class="p">(</span><span class="mi">1</span><span class="p">,</span> <span class="mi">2</span><span class="p">))</span>
<span class="gp">&gt;&gt;&gt; </span><span class="n">minimizer</span>
<span class="go">1</span>
<span class="gp">&gt;&gt;&gt; </span><span class="n">res</span> <span class="o">=</span> <span class="n">optimize</span><span class="o">.</span><span class="n">golden</span><span class="p">(</span><span class="n">f</span><span class="p">,</span> <span class="n">brack</span><span class="o">=</span><span class="p">(</span><span class="o">-</span><span class="mi">1</span><span class="p">,</span> <span class="mf">0.5</span><span class="p">,</span> <span class="mi">2</span><span class="p">),</span> <span class="n">full_output</span><span class="o">=</span><span class="kc">True</span><span class="p">)</span>
<span class="gp">&gt;&gt;&gt; </span><span class="n">xmin</span><span class="p">,</span> <span class="n">fval</span><span class="p">,</span> <span class="n">funcalls</span> <span class="o">=</span> <span class="n">res</span>
<span class="gp">&gt;&gt;&gt; </span><span class="n">f</span><span class="p">(</span><span class="n">xmin</span><span class="p">),</span> <span class="n">fval</span>
<span class="go">(9.925165290385052e-18, 9.925165290385052e-18)</span>
</pre></div>
</div>
</div>
</div>
<div id="4e52ed94-412a-4bd2-8fae-228a9a573fa6" class="try_examples_outer_iframe  hidden"><div class="try_examples_button_container"><button class="try_examples_button" onclick="window.tryExamplesHideIframe('55df04b3-3ceb-420e-99da-36d26dc9458f','4e52ed94-412a-4bd2-8fae-228a9a573fa6')">Go Back</button><button class="try_examples_button" onclick="window.openInNewTab('55df04b3-3ceb-420e-99da-36d26dc9458f','4e52ed94-412a-4bd2-8fae-228a9a573fa6')">Open In Tab</button></div><div id="ba15fb38-bb02-4bd3-b511-2538ae0470ff" class="jupyterlite_sphinx_iframe_container"></div></div><script>document.addEventListener("DOMContentLoaded", function() {window.loadTryExamplesConfig("../../try_examples.json");});</script></dd></dl>

</section>


                </article>
              
              
              
              
              
                <footer class="prev-next-footer d-print-none">
                  
<div class="prev-next-area">
    <a class="left-prev"
       href="scipy.optimize.brent.html"
       title="previous page">
      <i class="fa-solid fa-angle-left"></i>
      <div class="prev-next-info">
        <p class="prev-next-subtitle">previous</p>
        <p class="prev-next-title">brent</p>
      </div>
    </a>
    <a class="right-next"
       href="scipy.optimize.leastsq.html"
       title="next page">
      <div class="prev-next-info">
        <p class="prev-next-subtitle">next</p>
        <p class="prev-next-title">leastsq</p>
      </div>
      <i class="fa-solid fa-angle-right"></i>
    </a>
</div>
                </footer>
              
            </div>
            
            
              
                <dialog id="pst-secondary-sidebar-modal"></dialog>
                <div id="pst-secondary-sidebar" class="bd-sidebar-secondary bd-toc"><div class="sidebar-secondary-items sidebar-secondary__inner">


  <div class="sidebar-secondary-item">
<div
    id="pst-page-navigation-heading-2"
    class="page-toc tocsection onthispage">
    <i class="fa-solid fa-list"></i> On this page
  </div>
  <nav class="bd-toc-nav page-toc" aria-labelledby="pst-page-navigation-heading-2">
    <ul class="visible nav section-nav flex-column">
<li class="toc-h2 nav-item toc-entry"><a class="reference internal nav-link" href="#scipy.optimize.golden"><code class="docutils literal notranslate"><span class="pre">golden</span></code></a></li>
</ul>
  </nav></div>

</div></div>
              
            
          </div>
          <footer class="bd-footer-content">
            
          </footer>
        
      </main>
    </div>
  </div>
  
  <!-- Scripts loaded after <body> so the DOM is not blocked -->
  <script defer src="../../_static/scripts/bootstrap.js?digest=26a4bc78f4c0ddb94549"></script>
<script defer src="../../_static/scripts/pydata-sphinx-theme.js?digest=26a4bc78f4c0ddb94549"></script>

  <footer class="bd-footer">
<div class="bd-footer__inner bd-page-width">
  
    <div class="footer-items__start">
      
        <div class="footer-item">

  <p class="copyright">
    
      © Copyright 2008-2024, The SciPy community.
      <br/>
    
  </p>
</div>
      
        <div class="footer-item">

  <p class="sphinx-version">
    Created using <a href="https://www.sphinx-doc.org/">Sphinx</a> 7.4.7.
    <br/>
  </p>
</div>
      
    </div>
  
  
  
    <div class="footer-items__end">
      
        <div class="footer-item">
<p class="theme-version">
  Built with the <a href="https://pydata-sphinx-theme.readthedocs.io/en/stable/index.html">PyData Sphinx Theme</a> 0.16.0.
</p></div>
      
    </div>
  
</div>

  </footer>
  </body>
</html>